#-----------------------------------------------------------
# Vivado v2019.1 (64-bit)
# SW Build 2552052 on Fri May 24 14:49:42 MDT 2019
# IP Build 2548770 on Fri May 24 18:01:18 MDT 2019
# Start of session at: Wed May 13 13:02:31 2026
# Process ID: 18876
# Current directory: C:/Coding/RV32-FPGA/fpga/zybo_rv32
# Command line: vivado.exe -gui_launcher_event rodinguilauncherevent17872 C:\Coding\RV32-FPGA\fpga\zybo_rv32\zybo_rv32.xpr
# Log file: C:/Coding/RV32-FPGA/fpga/zybo_rv32/vivado.log
# Journal file: C:/Coding/RV32-FPGA/fpga/zybo_rv32\vivado.jou
#-----------------------------------------------------------
start_gui
open_project C:/Coding/RV32-FPGA/fpga/zybo_rv32/zybo_rv32.xpr
Scanning sources...
Finished scanning sources
WARNING: [filemgmt 56-3] IPUserFilesDir: Could not find the directory 'C:/Coding/RV32-FPGA/fpga/zybo_rv32/zybo_rv32.ip_user_files'.
INFO: [IP_Flow 19-234] Refreshing IP repositories
INFO: [IP_Flow 19-1704] No user IP repositories specified
INFO: [IP_Flow 19-2313] Loaded Vivado IP repository 'C:/Xilinx/Vivado/2019.1/data/ip'.
open_project: Time (s): cpu = 00:00:16 ; elapsed = 00:00:11 . Memory (MB): peak = 829.465 ; gain = 189.062
update_compile_order -fileset sources_1
open_hw
connect_hw_server
INFO: [Labtools 27-2285] Connecting to hw_server url TCP:localhost:3121
INFO: [Labtools 27-2222] Launching hw_server...
INFO: [Labtools 27-2221] Launch Output:

****** Xilinx hw_server v2019.1
  **** Build date : May 24 2019 at 15:13:31
    ** Copyright 1986-2019 Xilinx, Inc. All Rights Reserved.


connect_hw_server: Time (s): cpu = 00:00:01 ; elapsed = 00:00:08 . Memory (MB): peak = 847.840 ; gain = 0.000
open_hw_target
INFO: [Labtoolstcl 44-466] Opening hw_target localhost:3121/xilinx_tcf/Digilent/210279784580A
open_hw_target: Time (s): cpu = 00:00:06 ; elapsed = 00:00:12 . Memory (MB): peak = 1964.039 ; gain = 1116.199
current_hw_device [get_hw_devices xc7z010_1]
refresh_hw_device -update_hw_probes false [lindex [get_hw_devices xc7z010_1] 0]
INFO: [Labtools 27-1435] Device xc7z010 (JTAG device index = 1) is not programmed (DONE status = 0).
launch_simulation
INFO: [Vivado 12-5682] Launching behavioral simulation in 'C:/Coding/RV32-FPGA/fpga/zybo_rv32/zybo_rv32.sim/sim_1/behav/xsim'
INFO: [SIM-utils-51] Simulation object is 'sim_1'
INFO: [SIM-utils-54] Inspecting design source files for 'zybo_top' in fileset 'sim_1'...
INFO: [USF-XSim-97] Finding global include files...
INFO: [USF-XSim-98] Fetching design files from 'sim_1'...
INFO: [USF-XSim-2] XSim::Compile design
INFO: [USF-XSim-61] Executing 'COMPILE and ANALYZE' step in 'C:/Coding/RV32-FPGA/fpga/zybo_rv32/zybo_rv32.sim/sim_1/behav/xsim'
"xvlog --incr --relax -prj zybo_top_vlog.prj"
INFO: [VRFC 10-2263] Analyzing Verilog file "C:/Coding/RV32-FPGA/src/alu.v" into library xil_defaultlib
INFO: [VRFC 10-311] analyzing module alu
INFO: [VRFC 10-2263] Analyzing Verilog file "C:/Coding/RV32-FPGA/src/control.v" into library xil_defaultlib
INFO: [VRFC 10-311] analyzing module control
INFO: [VRFC 10-2263] Analyzing Verilog file "C:/Coding/RV32-FPGA/src/dmem.v" into library xil_defaultlib
INFO: [VRFC 10-311] analyzing module dmem
INFO: [VRFC 10-2263] Analyzing Verilog file "C:/Coding/RV32-FPGA/src/imem.v" into library xil_defaultlib
INFO: [VRFC 10-311] analyzing module imem
INFO: [VRFC 10-2263] Analyzing Verilog file "C:/Coding/RV32-FPGA/src/imm_gen.v" into library xil_defaultlib
INFO: [VRFC 10-311] analyzing module imm_gen
INFO: [VRFC 10-2263] Analyzing Verilog file "C:/Coding/RV32-FPGA/src/pc.v" into library xil_defaultlib
INFO: [VRFC 10-311] analyzing module pc
INFO: [VRFC 10-2263] Analyzing Verilog file "C:/Coding/RV32-FPGA/src/pc_adder.v" into library xil_defaultlib
INFO: [VRFC 10-311] analyzing module pc_adder
INFO: [VRFC 10-2263] Analyzing Verilog file "C:/Coding/RV32-FPGA/src/regfile.v" into library xil_defaultlib
INFO: [VRFC 10-311] analyzing module regfile
INFO: [VRFC 10-2263] Analyzing Verilog file "C:/Coding/RV32-FPGA/src/top.v" into library xil_defaultlib
INFO: [VRFC 10-311] analyzing module top
WARNING: [VRFC 10-3380] identifier 'perf_cycles' is used before its declaration [C:/Coding/RV32-FPGA/src/top.v:17]
WARNING: [VRFC 10-3380] identifier 'perf_instrs' is used before its declaration [C:/Coding/RV32-FPGA/src/top.v:18]
WARNING: [VRFC 10-3380] identifier 'perf_halted' is used before its declaration [C:/Coding/RV32-FPGA/src/top.v:19]
WARNING: [VRFC 10-3380] identifier 'pc_out' is used before its declaration [C:/Coding/RV32-FPGA/src/top.v:20]
INFO: [VRFC 10-2263] Analyzing Verilog file "C:/Coding/RV32-FPGA/src/uart_rx.v" into library xil_defaultlib
INFO: [VRFC 10-311] analyzing module uart_rx
INFO: [VRFC 10-2263] Analyzing Verilog file "C:/Coding/RV32-FPGA/src/uart_tx.v" into library xil_defaultlib
INFO: [VRFC 10-311] analyzing module uart_tx
INFO: [VRFC 10-2263] Analyzing Verilog file "C:/Coding/RV32-FPGA/fpga/rtl/zybo_top.v" into library xil_defaultlib
INFO: [VRFC 10-311] analyzing module zybo_top
INFO: [VRFC 10-2263] Analyzing Verilog file "C:/Coding/RV32-FPGA/fpga/zybo_rv32/zybo_rv32.sim/sim_1/behav/xsim/glbl.v" into library xil_defaultlib
INFO: [VRFC 10-311] analyzing module glbl
INFO: [USF-XSim-69] 'compile' step finished in '2' seconds
INFO: [USF-XSim-3] XSim::Elaborate design
INFO: [USF-XSim-61] Executing 'ELABORATE' step in 'C:/Coding/RV32-FPGA/fpga/zybo_rv32/zybo_rv32.sim/sim_1/behav/xsim'
"xelab -wto ea362b21bea742b59347d3e7bad25fc2 --incr --debug typical --relax --mt 2 -L xil_defaultlib -L unisims_ver -L unimacro_ver -L secureip --snapshot zybo_top_behav xil_defaultlib.zybo_top xil_defaultlib.glbl -log elaborate.log"
Vivado Simulator 2019.1
Copyright 1986-1999, 2001-2019 Xilinx, Inc. All Rights Reserved.
Running: C:/Xilinx/Vivado/2019.1/bin/unwrapped/win64.o/xelab.exe -wto ea362b21bea742b59347d3e7bad25fc2 --incr --debug typical --relax --mt 2 -L xil_defaultlib -L unisims_ver -L unimacro_ver -L secureip --snapshot zybo_top_behav xil_defaultlib.zybo_top xil_defaultlib.glbl -log elaborate.log 
Using 2 slave threads.
Starting static elaboration
Completed static elaboration
Starting simulation data flow analysis
WARNING: [XSIM 43-4100] "C:/Coding/RV32-FPGA/fpga/zybo_rv32/zybo_rv32.sim/sim_1/behav/xsim/glbl.v" Line 6. Module glbl has a timescale but at least one module in design doesn't have timescale.
Completed simulation data flow analysis
Time Resolution for simulation is 1ps
Compiling module xil_defaultlib.pc
Compiling module xil_defaultlib.pc_adder
Compiling module xil_defaultlib.imem
Compiling module xil_defaultlib.control
Compiling module xil_defaultlib.regfile
Compiling module xil_defaultlib.imm_gen
Compiling module xil_defaultlib.alu
Compiling module xil_defaultlib.uart_tx
Compiling module xil_defaultlib.uart_rx
Compiling module xil_defaultlib.dmem
Compiling module xil_defaultlib.top
Compiling module xil_defaultlib.zybo_top
Compiling module xil_defaultlib.glbl
Built simulation snapshot zybo_top_behav

****** Webtalk v2019.1 (64-bit)
  **** SW Build 2552052 on Fri May 24 14:49:42 MDT 2019
  **** IP Build 2548770 on Fri May 24 18:01:18 MDT 2019
    ** Copyright 1986-2019 Xilinx, Inc. All Rights Reserved.

source C:/Coding/RV32-FPGA/fpga/zybo_rv32/zybo_rv32.sim/sim_1/behav/xsim/xsim.dir/zybo_top_behav/webtalk/xsim_webtalk.tcl -notrace
INFO: [Common 17-206] Exiting Webtalk at Wed May 13 17:52:16 2026...
run_program: Time (s): cpu = 00:00:00 ; elapsed = 00:00:06 . Memory (MB): peak = 2001.090 ; gain = 0.000
INFO: [USF-XSim-69] 'elaborate' step finished in '6' seconds
INFO: [USF-XSim-4] XSim::Simulate design
INFO: [USF-XSim-61] Executing 'SIMULATE' step in 'C:/Coding/RV32-FPGA/fpga/zybo_rv32/zybo_rv32.sim/sim_1/behav/xsim'
INFO: [USF-XSim-98] *** Running xsim
   with args "zybo_top_behav -key {Behavioral:sim_1:Functional:zybo_top} -tclbatch {zybo_top.tcl} -log {simulate.log}"
INFO: [USF-XSim-8] Loading simulator feature
Vivado Simulator 2019.1
Time resolution is 1 ps
source zybo_top.tcl
# set curr_wave [current_wave_config]
# if { [string length $curr_wave] == 0 } {
#   if { [llength [get_objects]] > 0} {
#     add_wave /
#     set_property needs_save false [current_wave_config]
#   } else {
#      send_msg_id Add_Wave-1 WARNING "No top level signals found. Simulator will start without a wave window. If you want to open a wave window go to 'File->New Waveform Configuration' or type 'create_wave_config' in the TCL console."
#   }
# }
# run 1000ns
INFO: [USF-XSim-96] XSim completed. Design snapshot 'zybo_top_behav' loaded.
INFO: [USF-XSim-97] XSim simulation ran for 1000ns
launch_simulation: Time (s): cpu = 00:00:05 ; elapsed = 00:00:11 . Memory (MB): peak = 2037.750 ; gain = 36.660
reset_run impl_1
WARNING: [Vivado 12-1017] Problems encountered:
1. Couldn't access process for termination

launch_runs impl_1 -to_step write_bitstream -jobs 6
[Wed May 13 17:57:32 2026] Launched impl_1...
Run output will be captured here: C:/Coding/RV32-FPGA/fpga/zybo_rv32/zybo_rv32.runs/impl_1/runme.log
set_property PROBES.FILE {} [get_hw_devices xc7z010_1]
set_property FULL_PROBES.FILE {} [get_hw_devices xc7z010_1]
set_property PROGRAM.FILE {C:/Coding/RV32-FPGA/fpga/zybo_rv32/zybo_rv32.runs/impl_1/zybo_top.bit} [get_hw_devices xc7z010_1]
program_hw_devices [get_hw_devices xc7z010_1]
INFO: [Labtools 27-3164] End of startup status: HIGH
refresh_hw_device [lindex [get_hw_devices xc7z010_1] 0]
INFO: [Labtools 27-1434] Device xc7z010 (JTAG device index = 1) is programmed with a design that has no supported debug core(s) in it.
reset_run synth_1
WARNING: [Vivado 12-1017] Problems encountered:
1. Failed to delete one or more files in run directory C:/Coding/RV32-FPGA/fpga/zybo_rv32/zybo_rv32.runs/synth_1

launch_runs impl_1 -to_step write_bitstream -jobs 6
[Wed May 13 18:07:56 2026] Launched synth_1...
Run output will be captured here: C:/Coding/RV32-FPGA/fpga/zybo_rv32/zybo_rv32.runs/synth_1/runme.log
[Wed May 13 18:07:56 2026] Launched impl_1...
Run output will be captured here: C:/Coding/RV32-FPGA/fpga/zybo_rv32/zybo_rv32.runs/impl_1/runme.log
set_property PROBES.FILE {} [get_hw_devices xc7z010_1]
set_property FULL_PROBES.FILE {} [get_hw_devices xc7z010_1]
set_property PROGRAM.FILE {C:/Coding/RV32-FPGA/fpga/zybo_rv32/zybo_rv32.runs/impl_1/zybo_top.bit} [get_hw_devices xc7z010_1]
program_hw_devices [get_hw_devices xc7z010_1]
INFO: [Labtools 27-3164] End of startup status: HIGH
refresh_hw_device [lindex [get_hw_devices xc7z010_1] 0]
INFO: [Labtools 27-1434] Device xc7z010 (JTAG device index = 1) is programmed with a design that has no supported debug core(s) in it.
reset_run synth_1
WARNING: [Vivado 12-1017] Problems encountered:
1. Failed to delete one or more files in run directory C:/Coding/RV32-FPGA/fpga/zybo_rv32/zybo_rv32.runs/synth_1

launch_runs impl_1 -to_step write_bitstream -jobs 6
[Wed May 13 18:15:54 2026] Launched synth_1...
Run output will be captured here: C:/Coding/RV32-FPGA/fpga/zybo_rv32/zybo_rv32.runs/synth_1/runme.log
[Wed May 13 18:15:54 2026] Launched impl_1...
Run output will be captured here: C:/Coding/RV32-FPGA/fpga/zybo_rv32/zybo_rv32.runs/impl_1/runme.log
set_property PROBES.FILE {} [get_hw_devices xc7z010_1]
set_property FULL_PROBES.FILE {} [get_hw_devices xc7z010_1]
set_property PROGRAM.FILE {C:/Coding/RV32-FPGA/fpga/zybo_rv32/zybo_rv32.runs/impl_1/zybo_top.bit} [get_hw_devices xc7z010_1]
program_hw_devices [get_hw_devices xc7z010_1]
INFO: [Labtools 27-3164] End of startup status: HIGH
refresh_hw_device [lindex [get_hw_devices xc7z010_1] 0]
INFO: [Labtools 27-1434] Device xc7z010 (JTAG device index = 1) is programmed with a design that has no supported debug core(s) in it.
reset_run synth_1
WARNING: [Vivado 12-1017] Problems encountered:
1. Failed to delete one or more files in run directory C:/Coding/RV32-FPGA/fpga/zybo_rv32/zybo_rv32.runs/synth_1

launch_runs impl_1 -to_step write_bitstream -jobs 6
[Wed May 13 18:33:04 2026] Launched synth_1...
Run output will be captured here: C:/Coding/RV32-FPGA/fpga/zybo_rv32/zybo_rv32.runs/synth_1/runme.log
[Wed May 13 18:33:04 2026] Launched impl_1...
Run output will be captured here: C:/Coding/RV32-FPGA/fpga/zybo_rv32/zybo_rv32.runs/impl_1/runme.log
set_property PROBES.FILE {} [get_hw_devices xc7z010_1]
set_property FULL_PROBES.FILE {} [get_hw_devices xc7z010_1]
set_property PROGRAM.FILE {C:/Coding/RV32-FPGA/fpga/zybo_rv32/zybo_rv32.runs/impl_1/zybo_top.bit} [get_hw_devices xc7z010_1]
program_hw_devices [get_hw_devices xc7z010_1]
INFO: [Labtools 27-3164] End of startup status: HIGH
refresh_hw_device [lindex [get_hw_devices xc7z010_1] 0]
INFO: [Labtools 27-1434] Device xc7z010 (JTAG device index = 1) is programmed with a design that has no supported debug core(s) in it.
reset_run synth_1
WARNING: [Vivado 12-1017] Problems encountered:
1. Failed to delete one or more files in run directory C:/Coding/RV32-FPGA/fpga/zybo_rv32/zybo_rv32.runs/synth_1

launch_runs impl_1 -to_step write_bitstream -jobs 6
[Wed May 13 18:39:39 2026] Launched synth_1...
Run output will be captured here: C:/Coding/RV32-FPGA/fpga/zybo_rv32/zybo_rv32.runs/synth_1/runme.log
[Wed May 13 18:39:39 2026] Launched impl_1...
Run output will be captured here: C:/Coding/RV32-FPGA/fpga/zybo_rv32/zybo_rv32.runs/impl_1/runme.log
set_property PROBES.FILE {} [get_hw_devices xc7z010_1]
set_property FULL_PROBES.FILE {} [get_hw_devices xc7z010_1]
set_property PROGRAM.FILE {C:/Coding/RV32-FPGA/fpga/zybo_rv32/zybo_rv32.runs/impl_1/zybo_top.bit} [get_hw_devices xc7z010_1]
program_hw_devices [get_hw_devices xc7z010_1]
INFO: [Labtools 27-3164] End of startup status: HIGH
refresh_hw_device [lindex [get_hw_devices xc7z010_1] 0]
INFO: [Labtools 27-1434] Device xc7z010 (JTAG device index = 1) is programmed with a design that has no supported debug core(s) in it.
close_sim
INFO: [Simtcl 6-16] Simulation closed
exit
INFO: [Common 17-206] Exiting Vivado at Wed May 13 18:50:56 2026...
