#-----------------------------------------------------------
# Vivado v2019.1 (64-bit)
# SW Build 2552052 on Fri May 24 14:49:42 MDT 2019
# IP Build 2548770 on Fri May 24 18:01:18 MDT 2019
# Start of session at: Wed May 13 13:02:26 2026
# Process ID: 18260
# Current directory: C:/Coding/RV32-FPGA/fpga/zybo_rv32
# Command line: vivado.exe -gui_launcher_event rodinguilauncherevent19884 C:\Coding\RV32-FPGA\fpga\zybo_rv32\zybo_rv32.xpr
# Log file: C:/Coding/RV32-FPGA/fpga/zybo_rv32/vivado.log
# Journal file: C:/Coding/RV32-FPGA/fpga/zybo_rv32\vivado.jou
#-----------------------------------------------------------
start_gui
open_project C:/Coding/RV32-FPGA/fpga/zybo_rv32/zybo_rv32.xpr
Scanning sources...
Finished scanning sources
WARNING: [filemgmt 56-3] IPUserFilesDir: Could not find the directory 'C:/Coding/RV32-FPGA/fpga/zybo_rv32/zybo_rv32.ip_user_files'.
INFO: [IP_Flow 19-234] Refreshing IP repositories
INFO: [IP_Flow 19-1704] No user IP repositories specified
INFO: [IP_Flow 19-2313] Loaded Vivado IP repository 'C:/Xilinx/Vivado/2019.1/data/ip'.
open_project: Time (s): cpu = 00:00:15 ; elapsed = 00:00:10 . Memory (MB): peak = 1007.082 ; gain = 113.773
update_compile_order -fileset sources_1
reset_run synth_1
launch_runs impl_1 -to_step write_bitstream -jobs 6
[Wed May 13 17:25:13 2026] Launched synth_1...
Run output will be captured here: C:/Coding/RV32-FPGA/fpga/zybo_rv32/zybo_rv32.runs/synth_1/runme.log
[Wed May 13 17:25:13 2026] Launched impl_1...
Run output will be captured here: C:/Coding/RV32-FPGA/fpga/zybo_rv32/zybo_rv32.runs/impl_1/runme.log
open_hw
connect_hw_server
INFO: [Labtools 27-2285] Connecting to hw_server url TCP:localhost:3121
INFO: [Labtools 27-2222] Launching hw_server...
INFO: [Labtools 27-2221] Launch Output:

****** Xilinx hw_server v2019.1
  **** Build date : May 24 2019 at 15:13:31
    ** Copyright 1986-2019 Xilinx, Inc. All Rights Reserved.


connect_hw_server: Time (s): cpu = 00:00:01 ; elapsed = 00:00:08 . Memory (MB): peak = 1007.082 ; gain = 0.000
open_hw_target
INFO: [Labtoolstcl 44-466] Opening hw_target localhost:3121/xilinx_tcf/Digilent/210279784580A
open_hw_target: Time (s): cpu = 00:00:03 ; elapsed = 00:00:09 . Memory (MB): peak = 1980.449 ; gain = 973.367
set_property PROGRAM.FILE {C:/Coding/RV32-FPGA/fpga/zybo_rv32/zybo_rv32.runs/impl_1/zybo_top.bit} [get_hw_devices xc7z010_1]
current_hw_device [get_hw_devices xc7z010_1]
refresh_hw_device -update_hw_probes false [lindex [get_hw_devices xc7z010_1] 0]
INFO: [Labtools 27-1435] Device xc7z010 (JTAG device index = 1) is not programmed (DONE status = 0).
set_property PROBES.FILE {} [get_hw_devices xc7z010_1]
set_property FULL_PROBES.FILE {} [get_hw_devices xc7z010_1]
set_property PROGRAM.FILE {C:/Coding/RV32-FPGA/fpga/zybo_rv32/zybo_rv32.runs/impl_1/zybo_top.bit} [get_hw_devices xc7z010_1]
program_hw_devices [get_hw_devices xc7z010_1]
INFO: [Labtools 27-3164] End of startup status: HIGH
refresh_hw_device [lindex [get_hw_devices xc7z010_1] 0]
INFO: [Labtools 27-1434] Device xc7z010 (JTAG device index = 1) is programmed with a design that has no supported debug core(s) in it.
reset_run synth_1
WARNING: [Vivado 12-1017] Problems encountered:
1. Failed to delete one or more files in run directory C:/Coding/RV32-FPGA/fpga/zybo_rv32/zybo_rv32.runs/synth_1

launch_runs impl_1 -to_step write_bitstream -jobs 6
[Wed May 13 17:42:17 2026] Launched synth_1...
Run output will be captured here: C:/Coding/RV32-FPGA/fpga/zybo_rv32/zybo_rv32.runs/synth_1/runme.log
[Wed May 13 17:42:17 2026] Launched impl_1...
Run output will be captured here: C:/Coding/RV32-FPGA/fpga/zybo_rv32/zybo_rv32.runs/impl_1/runme.log
