#-----------------------------------------------------------
# Vivado v2019.1 (64-bit)
# SW Build 2552052 on Fri May 24 14:49:42 MDT 2019
# IP Build 2548770 on Fri May 24 18:01:18 MDT 2019
# Start of session at: Wed May 13 11:14:56 2026
# Process ID: 15892
# Current directory: C:/Coding/RV32-FPGA/fpga/zybo_rv32
# Command line: vivado.exe -gui_launcher_event rodinguilauncherevent15188 C:\Coding\RV32-FPGA\fpga\zybo_rv32\zybo_rv32.xpr
# Log file: C:/Coding/RV32-FPGA/fpga/zybo_rv32/vivado.log
# Journal file: C:/Coding/RV32-FPGA/fpga/zybo_rv32\vivado.jou
#-----------------------------------------------------------
start_gui
open_project C:/Coding/RV32-FPGA/fpga/zybo_rv32/zybo_rv32.xpr
Scanning sources...
Finished scanning sources
WARNING: [filemgmt 56-3] IPUserFilesDir: Could not find the directory 'C:/Coding/RV32-FPGA/fpga/zybo_rv32/zybo_rv32.ip_user_files'.
INFO: [IP_Flow 19-234] Refreshing IP repositories
INFO: [IP_Flow 19-1704] No user IP repositories specified
INFO: [IP_Flow 19-2313] Loaded Vivado IP repository 'C:/Xilinx/Vivado/2019.1/data/ip'.
open_project: Time (s): cpu = 00:00:12 ; elapsed = 00:00:05 . Memory (MB): peak = 796.176 ; gain = 138.008
update_compile_order -fileset sources_1
open_hw
connect_hw_server
INFO: [Labtools 27-2285] Connecting to hw_server url TCP:localhost:3121
INFO: [Labtools 27-2222] Launching hw_server...
INFO: [Labtools 27-2221] Launch Output:

****** Xilinx hw_server v2019.1
  **** Build date : May 24 2019 at 15:13:31
    ** Copyright 1986-2019 Xilinx, Inc. All Rights Reserved.


connect_hw_server: Time (s): cpu = 00:00:01 ; elapsed = 00:00:05 . Memory (MB): peak = 849.309 ; gain = 4.047
open_hw_target
INFO: [Labtoolstcl 44-466] Opening hw_target localhost:3121/xilinx_tcf/Digilent/210279784580A
open_hw_target: Time (s): cpu = 00:00:03 ; elapsed = 00:00:06 . Memory (MB): peak = 1950.820 ; gain = 1101.512
current_hw_device [get_hw_devices xc7z010_1]
refresh_hw_device -update_hw_probes false [lindex [get_hw_devices xc7z010_1] 0]
INFO: [Labtools 27-1435] Device xc7z010 (JTAG device index = 1) is not programmed (DONE status = 0).
launch_runs impl_1 -to_step write_bitstream -jobs 6
[Wed May 13 11:19:03 2026] Launched synth_1...
Run output will be captured here: C:/Users/aayus/synth_1/runme.log
[Wed May 13 11:19:03 2026] Launched impl_1...
Run output will be captured here: C:/Users/aayus/impl_1/runme.log
refresh_hw_device [lindex [get_hw_devices xc7z010_1] 0]
INFO: [Labtools 27-1435] Device xc7z010 (JTAG device index = 1) is not programmed (DONE status = 0).
set_property PROBES.FILE {} [get_hw_devices xc7z010_1]
set_property FULL_PROBES.FILE {} [get_hw_devices xc7z010_1]
set_property PROGRAM.FILE {C:/Users/aayus/impl_1/zybo_top.bit} [get_hw_devices xc7z010_1]
program_hw_devices [get_hw_devices xc7z010_1]
INFO: [Labtools 27-3164] End of startup status: HIGH
refresh_hw_device [lindex [get_hw_devices xc7z010_1] 0]
INFO: [Labtools 27-1434] Device xc7z010 (JTAG device index = 1) is programmed with a design that has no supported debug core(s) in it.
reset_run synth_1
launch_runs impl_1 -to_step write_bitstream -jobs 6
[Wed May 13 11:30:35 2026] Launched synth_1...
Run output will be captured here: C:/Coding/RV32-FPGA/fpga/zybo_rv32/zybo_rv32.runs/synth_1/runme.log
[Wed May 13 11:30:35 2026] Launched impl_1...
Run output will be captured here: C:/Coding/RV32-FPGA/fpga/zybo_rv32/zybo_rv32.runs/impl_1/runme.log
refresh_hw_device [lindex [get_hw_devices xc7z010_1] 0]
INFO: [Labtools 27-1434] Device xc7z010 (JTAG device index = 1) is programmed with a design that has no supported debug core(s) in it.
set_property PROBES.FILE {} [get_hw_devices xc7z010_1]
set_property FULL_PROBES.FILE {} [get_hw_devices xc7z010_1]
set_property PROGRAM.FILE {C:/Coding/RV32-FPGA/fpga/zybo_rv32/zybo_rv32.runs/impl_1/zybo_top.bit} [get_hw_devices xc7z010_1]
program_hw_devices [get_hw_devices xc7z010_1]
INFO: [Labtools 27-3164] End of startup status: HIGH
refresh_hw_device [lindex [get_hw_devices xc7z010_1] 0]
INFO: [Labtools 27-1434] Device xc7z010 (JTAG device index = 1) is programmed with a design that has no supported debug core(s) in it.
ERROR: [Labtoolstcl 44-513] HW Target shutdown. Closing target: localhost:3121/xilinx_tcf/Digilent/210279784580A
disconnect_hw_server localhost:3121
connect_hw_server
INFO: [Labtools 27-2285] Connecting to hw_server url TCP:localhost:3121
open_hw_target
INFO: [Labtoolstcl 44-466] Opening hw_target localhost:3121/xilinx_tcf/Digilent/210279784580A
set_property PROGRAM.FILE {C:/Coding/RV32-FPGA/fpga/zybo_rv32/zybo_rv32.runs/impl_1/zybo_top.bit} [get_hw_devices xc7z010_1]
current_hw_device [get_hw_devices xc7z010_1]
refresh_hw_device -update_hw_probes false [lindex [get_hw_devices xc7z010_1] 0]
INFO: [Labtools 27-1435] Device xc7z010 (JTAG device index = 1) is not programmed (DONE status = 0).
reset_run synth_1
launch_runs impl_1 -to_step write_bitstream -jobs 6
[Wed May 13 12:34:00 2026] Launched synth_1...
Run output will be captured here: C:/Coding/RV32-FPGA/fpga/zybo_rv32/zybo_rv32.runs/synth_1/runme.log
[Wed May 13 12:34:00 2026] Launched impl_1...
Run output will be captured here: C:/Coding/RV32-FPGA/fpga/zybo_rv32/zybo_rv32.runs/impl_1/runme.log
ERROR: [Labtoolstcl 44-513] HW Target shutdown. Closing target: localhost:3121/xilinx_tcf/Digilent/210279784580A
add_files -norecurse {C:/Coding/RV32-FPGA/src/uart_rx.v C:/Coding/RV32-FPGA/src/uart_tx.v}
update_compile_order -fileset sources_1
INFO: [Labtoolstcl 44-466] Opening hw_target localhost:3121/xilinx_tcf/Digilent/210279784580A
WARNING: [Labtoolstcl 44-129] No matching hw_ila_data was found.
INFO: [Labtools 27-1435] Device xc7z010 (JTAG device index = 1) is not programmed (DONE status = 0).
WARNING: [Labtoolstcl 44-129] No matching hw_ila_data was found.
reset_run synth_1
launch_runs impl_1 -to_step write_bitstream -jobs 6
[Wed May 13 12:38:58 2026] Launched synth_1...
Run output will be captured here: C:/Coding/RV32-FPGA/fpga/zybo_rv32/zybo_rv32.runs/synth_1/runme.log
[Wed May 13 12:38:58 2026] Launched impl_1...
Run output will be captured here: C:/Coding/RV32-FPGA/fpga/zybo_rv32/zybo_rv32.runs/impl_1/runme.log
set_property PROBES.FILE {} [get_hw_devices xc7z010_1]
set_property FULL_PROBES.FILE {} [get_hw_devices xc7z010_1]
set_property PROGRAM.FILE {C:/Coding/RV32-FPGA/fpga/zybo_rv32/zybo_rv32.runs/impl_1/zybo_top.bit} [get_hw_devices xc7z010_1]
program_hw_devices [get_hw_devices xc7z010_1]
INFO: [Labtools 27-3164] End of startup status: HIGH
refresh_hw_device [lindex [get_hw_devices xc7z010_1] 0]
INFO: [Labtools 27-1434] Device xc7z010 (JTAG device index = 1) is programmed with a design that has no supported debug core(s) in it.
ERROR: [Labtoolstcl 44-513] HW Target shutdown. Closing target: localhost:3121/xilinx_tcf/Digilent/210279784580A
INFO: [Labtoolstcl 44-466] Opening hw_target localhost:3121/xilinx_tcf/Digilent/210279784580A
WARNING: [Labtoolstcl 44-129] No matching hw_ila_data was found.
INFO: [Labtools 27-1435] Device xc7z010 (JTAG device index = 1) is not programmed (DONE status = 0).
WARNING: [Labtoolstcl 44-129] No matching hw_ila_data was found.
reset_run synth_1
launch_runs impl_1 -to_step write_bitstream -jobs 6
[Wed May 13 13:00:55 2026] Launched synth_1...
Run output will be captured here: C:/Coding/RV32-FPGA/fpga/zybo_rv32/zybo_rv32.runs/synth_1/runme.log
[Wed May 13 13:00:55 2026] Launched impl_1...
Run output will be captured here: C:/Coding/RV32-FPGA/fpga/zybo_rv32/zybo_rv32.runs/impl_1/runme.log
open_run impl_1
INFO: [Device 21-403] Loading part xc7z010clg400-1
INFO: [Common 17-41] Interrupt caught. Command should exit soon.
INFO: [Netlist 29-17] Analyzing 101 Unisim elements for replacement
INFO: [Netlist 29-28] Unisim Transformation completed in 0 CPU seconds
INFO: [Project 1-479] Netlist was created with Vivado 2019.1
open_run: Time (s): cpu = 00:00:11 ; elapsed = 00:00:15 . Memory (MB): peak = 2265.000 ; gain = 209.012
INFO: [Common 17-344] 'open_run' was cancelled
set_property PROBES.FILE {} [get_hw_devices xc7z010_1]
set_property FULL_PROBES.FILE {} [get_hw_devices xc7z010_1]
set_property PROGRAM.FILE {C:/Coding/RV32-FPGA/fpga/zybo_rv32/zybo_rv32.runs/impl_1/zybo_top.bit} [get_hw_devices xc7z010_1]
program_hw_devices [get_hw_devices xc7z010_1]
INFO: [Labtools 27-3164] End of startup status: HIGH
refresh_hw_device [lindex [get_hw_devices xc7z010_1] 0]
INFO: [Labtools 27-1434] Device xc7z010 (JTAG device index = 1) is programmed with a design that has no supported debug core(s) in it.
reset_run synth_1
launch_runs impl_1 -to_step write_bitstream -jobs 6
[Wed May 13 13:22:01 2026] Launched synth_1...
Run output will be captured here: C:/Coding/RV32-FPGA/fpga/zybo_rv32/zybo_rv32.runs/synth_1/runme.log
[Wed May 13 13:22:01 2026] Launched impl_1...
Run output will be captured here: C:/Coding/RV32-FPGA/fpga/zybo_rv32/zybo_rv32.runs/impl_1/runme.log
open_run impl_1
INFO: [Netlist 29-17] Analyzing 101 Unisim elements for replacement
INFO: [Netlist 29-28] Unisim Transformation completed in 0 CPU seconds
INFO: [Project 1-479] Netlist was created with Vivado 2019.1
INFO: [Project 1-570] Preparing netlist for logic optimization
INFO: [Timing 38-478] Restoring timing data from binary archive.
INFO: [Timing 38-479] Binary timing data restore complete.
INFO: [Project 1-856] Restoring constraints from binary archive.
INFO: [Project 1-853] Binary constraint restore complete.
Reading XDEF placement.
Reading placer database...
Reading XDEF routing.
Read XDEF File: Time (s): cpu = 00:00:00 ; elapsed = 00:00:00.248 . Memory (MB): peak = 2945.074 ; gain = 0.000
Restored from archive | CPU: 0.000000 secs | Memory: 0.000000 MB |
Finished XDEF File Restore: Time (s): cpu = 00:00:00 ; elapsed = 00:00:00.248 . Memory (MB): peak = 2945.074 ; gain = 0.000
Netlist sorting complete. Time (s): cpu = 00:00:00 ; elapsed = 00:00:00.001 . Memory (MB): peak = 2945.074 ; gain = 0.000
INFO: [Project 1-111] Unisim Transformation Summary:
  A total of 44 instances were transformed.
  RAM32M => RAM32M (RAMD32, RAMD32, RAMD32, RAMD32, RAMD32, RAMD32, RAMS32, RAMS32): 12 instances
  RAM64X1S => RAM64X1S (RAMS64E): 32 instances

open_run: Time (s): cpu = 00:00:23 ; elapsed = 00:00:16 . Memory (MB): peak = 3068.031 ; gain = 803.031
CRITICAL WARNING: [Timing 38-282] The design failed to meet the timing requirements. Please see the timing summary report for details on the timing violations.
set_property PROBES.FILE {} [get_hw_devices xc7z010_1]
set_property FULL_PROBES.FILE {} [get_hw_devices xc7z010_1]
set_property PROGRAM.FILE {C:/Coding/RV32-FPGA/fpga/zybo_rv32/zybo_rv32.runs/impl_1/zybo_top.bit} [get_hw_devices xc7z010_1]
program_hw_devices [get_hw_devices xc7z010_1]
INFO: [Labtools 27-3164] End of startup status: HIGH
refresh_hw_device [lindex [get_hw_devices xc7z010_1] 0]
INFO: [Labtools 27-1434] Device xc7z010 (JTAG device index = 1) is programmed with a design that has no supported debug core(s) in it.
reset_run impl_1 -prev_step 
launch_runs impl_1 -to_step write_bitstream -jobs 6
[Wed May 13 13:37:32 2026] Launched impl_1...
Run output will be captured here: C:/Coding/RV32-FPGA/fpga/zybo_rv32/zybo_rv32.runs/impl_1/runme.log
set_property PROBES.FILE {} [get_hw_devices xc7z010_1]
set_property FULL_PROBES.FILE {} [get_hw_devices xc7z010_1]
set_property PROGRAM.FILE {C:/Coding/RV32-FPGA/fpga/zybo_rv32/zybo_rv32.runs/impl_1/zybo_top.bit} [get_hw_devices xc7z010_1]
program_hw_devices [get_hw_devices xc7z010_1]
INFO: [Labtools 27-3164] End of startup status: HIGH
refresh_hw_device [lindex [get_hw_devices xc7z010_1] 0]
INFO: [Labtools 27-1434] Device xc7z010 (JTAG device index = 1) is programmed with a design that has no supported debug core(s) in it.
refresh_hw_device [lindex [get_hw_devices xc7z010_1] 0]
INFO: [Labtools 27-1434] Device xc7z010 (JTAG device index = 1) is programmed with a design that has no supported debug core(s) in it.
refresh_hw_device [lindex [get_hw_devices xc7z010_1] 0]
INFO: [Labtools 27-1434] Device xc7z010 (JTAG device index = 1) is programmed with a design that has no supported debug core(s) in it.
reset_run synth_1
launch_runs impl_1 -to_step write_bitstream -jobs 6
[Wed May 13 13:43:57 2026] Launched synth_1...
Run output will be captured here: C:/Coding/RV32-FPGA/fpga/zybo_rv32/zybo_rv32.runs/synth_1/runme.log
[Wed May 13 13:43:57 2026] Launched impl_1...
Run output will be captured here: C:/Coding/RV32-FPGA/fpga/zybo_rv32/zybo_rv32.runs/impl_1/runme.log
