Copyright 1986-2019 Xilinx, Inc. All Rights Reserved.
-------------------------------------------------------------------------------------
| Tool Version : Vivado v.2019.1 (lin64) Build 2552052 Fri May 24 14:47:09 MDT 2019
| Date         : Sat May  9 17:04:50 2026
| Host         : archlinux running 64-bit Arch Linux
| Command      : report_control_sets -verbose -file zybo_top_control_sets_placed.rpt
| Design       : zybo_top
| Device       : xc7z010
-------------------------------------------------------------------------------------

Control Set Information

Table of Contents
-----------------
1. Summary
2. Histogram
3. Flip-Flop Distribution
4. Detailed Control Set Information

1. Summary
----------

+----------------------------------------------------------+-------+
|                          Status                          | Count |
+----------------------------------------------------------+-------+
| Total control sets                                       |    11 |
|    Minimum number of control sets                        |    11 |
|    Addition due to synthesis replication                 |     0 |
|    Addition due to physical synthesis replication        |     0 |
| Unused register locations in slices containing registers |    37 |
+----------------------------------------------------------+-------+
* Control sets can be merged at opt_design using control_set_merge or merge_equivalent_drivers
** Run report_qor_suggestions for automated merging and remapping suggestions


2. Histogram
------------

+--------------------+-------+
|       Fanout       | Count |
+--------------------+-------+
| Total control sets |    11 |
| >= 0 to < 4        |     1 |
| >= 4 to < 6        |     1 |
| >= 6 to < 8        |     0 |
| >= 8 to < 10       |     0 |
| >= 10 to < 12      |     1 |
| >= 12 to < 14      |     0 |
| >= 14 to < 16      |     0 |
| >= 16              |     8 |
+--------------------+-------+
* Control sets can be remapped at either synth_design or opt_design


3. Flip-Flop Distribution
-------------------------

+--------------+-----------------------+------------------------+-----------------+--------------+
| Clock Enable | Synchronous Set/Reset | Asynchronous Set/Reset | Total Registers | Total Slices |
+--------------+-----------------------+------------------------+-----------------+--------------+
| No           | No                    | No                     |               2 |            2 |
| No           | No                    | Yes                    |               0 |            0 |
| No           | Yes                   | No                     |             391 |          114 |
| Yes          | No                    | No                     |              14 |            8 |
| Yes          | No                    | Yes                    |               0 |            0 |
| Yes          | Yes                   | No                     |             172 |           43 |
+--------------+-----------------------+------------------------+-----------------+--------------+


4. Detailed Control Set Information
-----------------------------------

+----------------+-----------------------------------+--------------------------------+------------------+----------------+
|  Clock Signal  |           Enable Signal           |        Set/Reset Signal        | Slice Load Count | Bel Load Count |
+----------------+-----------------------------------+--------------------------------+------------------+----------------+
|  clk_IBUF_BUFG |                                   |                                |                2 |              3 |
|  clk_IBUF_BUFG | por_cnt[3]_i_1_n_0                |                                |                1 |              4 |
|  clk_IBUF_BUFG | cpu/dmem_unit/gpio_out[4]_i_1_n_0 |                                |                7 |             10 |
|  clk_IBUF_BUFG | cpu/perf_cycles[0]_i_1_n_0        | cpu/pc_unit/reset              |                7 |             27 |
|  clk_IBUF_BUFG | cpu/perf_instrs                   | cpu/pc_unit/reset              |                7 |             27 |
|  clk_IBUF_BUFG | cpu/dmem_unit/p_1_in              |                                |                8 |             32 |
|  clk_IBUF_BUFG | cpu/pc_unit/E[0]                  | cpu/pc_unit/reset              |               10 |             32 |
|  clk_IBUF_BUFG | cpu/pc_unit/E[0]                  | cpu/alu_unit/id_ex_jalr_reg[0] |               19 |             86 |
|  clk_IBUF_BUFG | cpu/mem_wb_reg_write              |                                |               12 |             96 |
|  clk_IBUF_BUFG |                                   | cpu/alu_unit/SR[0]             |               44 |            181 |
|  clk_IBUF_BUFG |                                   | cpu/pc_unit/reset              |               70 |            210 |
+----------------+-----------------------------------+--------------------------------+------------------+----------------+


