Copyright 1986-2019 Xilinx, Inc. All Rights Reserved.
-------------------------------------------------------------------------------------
| Tool Version : Vivado v.2019.1 (win64) Build 2552052 Fri May 24 14:49:42 MDT 2019
| Date         : Wed May 13 18:55:12 2026
| Host         : AayushMSI running 64-bit major release  (build 9200)
| Command      : report_control_sets -verbose -file zybo_top_control_sets_placed.rpt
| Design       : zybo_top
| Device       : xc7z010
-------------------------------------------------------------------------------------

Control Set Information

Table of Contents
-----------------
1. Summary
2. Histogram
3. Flip-Flop Distribution
4. Detailed Control Set Information

1. Summary
----------

+----------------------------------------------------------+-------+
|                          Status                          | Count |
+----------------------------------------------------------+-------+
| Total control sets                                       |    23 |
|    Minimum number of control sets                        |    23 |
|    Addition due to synthesis replication                 |     0 |
|    Addition due to physical synthesis replication        |     0 |
| Unused register locations in slices containing registers |    91 |
+----------------------------------------------------------+-------+
* Control sets can be merged at opt_design using control_set_merge or merge_equivalent_drivers
** Run report_qor_suggestions for automated merging and remapping suggestions


2. Histogram
------------

+--------------------+-------+
|       Fanout       | Count |
+--------------------+-------+
| Total control sets |    23 |
| >= 0 to < 4        |     8 |
| >= 4 to < 6        |     1 |
| >= 6 to < 8        |     1 |
| >= 8 to < 10       |     3 |
| >= 10 to < 12      |     2 |
| >= 12 to < 14      |     1 |
| >= 14 to < 16      |     0 |
| >= 16              |     7 |
+--------------------+-------+
* Control sets can be remapped at either synth_design or opt_design


3. Flip-Flop Distribution
-------------------------

+--------------+-----------------------+------------------------+-----------------+--------------+
| Clock Enable | Synchronous Set/Reset | Asynchronous Set/Reset | Total Registers | Total Slices |
+--------------+-----------------------+------------------------+-----------------+--------------+
| No           | No                    | No                     |               8 |            4 |
| No           | No                    | Yes                    |               0 |            0 |
| No           | Yes                   | No                     |             388 |          111 |
| Yes          | No                    | No                     |              53 |           23 |
| Yes          | No                    | Yes                    |               0 |            0 |
| Yes          | Yes                   | No                     |             124 |           30 |
+--------------+-----------------------+------------------------+-----------------+--------------+


4. Detailed Control Set Information
-----------------------------------

+----------------+-----------------------------------+----------------------------------+------------------+----------------+
|  Clock Signal  |           Enable Signal           |         Set/Reset Signal         | Slice Load Count | Bel Load Count |
+----------------+-----------------------------------+----------------------------------+------------------+----------------+
|  clk_IBUF_BUFG | cpu/my_rx/p_0_in[0]               |                                  |                1 |              1 |
|  clk_IBUF_BUFG | cpu/my_rx/p_0_in[2]               |                                  |                1 |              1 |
|  clk_IBUF_BUFG | cpu/my_rx/p_0_in[4]               |                                  |                1 |              1 |
|  clk_IBUF_BUFG | cpu/my_rx/p_0_in[5]               |                                  |                1 |              1 |
|  clk_IBUF_BUFG | cpu/my_rx/p_0_in[1]               |                                  |                1 |              1 |
|  clk_IBUF_BUFG | cpu/my_rx/p_0_in[7]               |                                  |                1 |              1 |
|  clk_IBUF_BUFG | cpu/my_rx/p_0_in[6]               |                                  |                1 |              1 |
|  clk_IBUF_BUFG | cpu/my_rx/p_0_in[3]               |                                  |                1 |              1 |
|  clk_IBUF_BUFG | por_cnt[3]_i_1_n_0                |                                  |                2 |              4 |
|  clk_IBUF_BUFG |                                   | cpu/mem_wb_read_data[7]_i_1_n_0  |                6 |              6 |
|  clk_IBUF_BUFG | cpu/my_rx/E[0]                    | cpu/pc_unit/reset                |                2 |              8 |
|  clk_IBUF_BUFG | cpu/my_tx/tx_data_reg[7]_i_1_n_0  |                                  |                2 |              8 |
|  clk_IBUF_BUFG |                                   |                                  |                4 |              9 |
|  clk_IBUF_BUFG | cpu/dmem_unit/gpio_out[4]_i_1_n_0 |                                  |                3 |             10 |
|  clk_IBUF_BUFG | cpu/my_tx/clock_count[10]_i_1_n_0 |                                  |                4 |             11 |
|  clk_IBUF_BUFG | cpu/my_rx/clock_count[11]_i_1_n_0 |                                  |                4 |             12 |
|  clk_IBUF_BUFG |                                   | cpu/mem_wb_read_data[31]_i_1_n_0 |                5 |             24 |
|  clk_IBUF_BUFG | cpu/dmem_unit/p_1_in              |                                  |                8 |             32 |
|  clk_IBUF_BUFG | cpu/pc_unit/E[0]                  | cpu/pc_unit/reset                |               12 |             32 |
|  clk_IBUF_BUFG | cpu/pc_unit/E[0]                  | cpu/alu_unit/id_ex_jump_reg[0]   |               16 |             84 |
|  clk_IBUF_BUFG | cpu/mem_wb_reg_write              |                                  |               12 |             96 |
|  clk_IBUF_BUFG |                                   | cpu/alu_unit/SR[0]               |               42 |            170 |
|  clk_IBUF_BUFG |                                   | cpu/pc_unit/reset                |               58 |            188 |
+----------------+-----------------------------------+----------------------------------+------------------+----------------+


