Copyright 1986-2019 Xilinx, Inc. All Rights Reserved.
-------------------------------------------------------------------------------------
| Tool Version : Vivado v.2019.1 (win64) Build 2552052 Fri May 24 14:49:42 MDT 2019
| Date         : Wed May 13 21:16:59 2026
| Host         : AayushMSI running 64-bit major release  (build 9200)
| Command      : report_control_sets -verbose -file zybo_top_control_sets_placed.rpt
| Design       : zybo_top
| Device       : xc7z010
-------------------------------------------------------------------------------------

Control Set Information

Table of Contents
-----------------
1. Summary
2. Histogram
3. Flip-Flop Distribution
4. Detailed Control Set Information

1. Summary
----------

+----------------------------------------------------------+-------+
|                          Status                          | Count |
+----------------------------------------------------------+-------+
| Total control sets                                       |    19 |
|    Minimum number of control sets                        |    19 |
|    Addition due to synthesis replication                 |     0 |
|    Addition due to physical synthesis replication        |     0 |
| Unused register locations in slices containing registers |    48 |
+----------------------------------------------------------+-------+
* Control sets can be merged at opt_design using control_set_merge or merge_equivalent_drivers
** Run report_qor_suggestions for automated merging and remapping suggestions


2. Histogram
------------

+--------------------+-------+
|       Fanout       | Count |
+--------------------+-------+
| Total control sets |    19 |
| >= 0 to < 4        |     2 |
| >= 4 to < 6        |     1 |
| >= 6 to < 8        |     2 |
| >= 8 to < 10       |     2 |
| >= 10 to < 12      |     2 |
| >= 12 to < 14      |     1 |
| >= 14 to < 16      |     0 |
| >= 16              |     9 |
+--------------------+-------+
* Control sets can be remapped at either synth_design or opt_design


3. Flip-Flop Distribution
-------------------------

+--------------+-----------------------+------------------------+-----------------+--------------+
| Clock Enable | Synchronous Set/Reset | Asynchronous Set/Reset | Total Registers | Total Slices |
+--------------+-----------------------+------------------------+-----------------+--------------+
| No           | No                    | No                     |              10 |            5 |
| No           | No                    | Yes                    |               0 |            0 |
| No           | Yes                   | No                     |             412 |          138 |
| Yes          | No                    | No                     |              36 |           16 |
| Yes          | No                    | Yes                    |               0 |            0 |
| Yes          | Yes                   | No                     |             190 |           51 |
+--------------+-----------------------+------------------------+-----------------+--------------+


4. Detailed Control Set Information
-----------------------------------

+----------------+-----------------------------------+-----------------------------------+------------------+----------------+
|  Clock Signal  |           Enable Signal           |          Set/Reset Signal         | Slice Load Count | Bel Load Count |
+----------------+-----------------------------------+-----------------------------------+------------------+----------------+
|  clk_IBUF_BUFG | cpu/my_tx/tx_pin_i_1_n_0          | cpu/pc_unit/reset                 |                1 |              1 |
|  clk_IBUF_BUFG | cpu/my_tx/clock_count[10]_i_2_n_0 |                                   |                1 |              2 |
|  clk_IBUF_BUFG | por_cnt[3]_i_1_n_0                |                                   |                1 |              4 |
|  clk_IBUF_BUFG |                                   | cpu/mem_wb_read_data[7]_i_1_n_0   |                3 |              6 |
|  clk_IBUF_BUFG | cpu/my_tx/clock_count[10]_i_2_n_0 | cpu/my_tx/clock_count[10]_i_1_n_0 |                3 |              7 |
|  clk_IBUF_BUFG | cpu/my_rx/E[0]                    | cpu/pc_unit/reset                 |                2 |              8 |
|  clk_IBUF_BUFG | cpu/my_tx/tx_data_reg[7]_i_1_n_0  |                                   |                2 |              8 |
|  clk_IBUF_BUFG | cpu/dmem_unit/gpio_out[4]_i_1_n_0 |                                   |                4 |             10 |
|  clk_IBUF_BUFG |                                   |                                   |                5 |             11 |
|  clk_IBUF_BUFG | cpu/my_rx/clock_count[11]_i_1_n_0 |                                   |                8 |             12 |
|  clk_IBUF_BUFG |                                   | cpu/mem_wb_read_data[31]_i_1_n_0  |               11 |             24 |
|  clk_IBUF_BUFG | cpu/perf_cycles[0]_i_1_n_0        | cpu/pc_unit/reset                 |                7 |             27 |
|  clk_IBUF_BUFG | cpu/perf_instrs                   | cpu/pc_unit/reset                 |                7 |             27 |
|  clk_IBUF_BUFG | cpu/dmem_unit/p_1_in              |                                   |                8 |             32 |
|  clk_IBUF_BUFG | cpu/pc_unit/E[0]                  | cpu/pc_unit/reset                 |               10 |             32 |
|  clk_IBUF_BUFG | cpu/pc_unit/E[0]                  | cpu/alu_unit/id_ex_jalr_reg[0]    |               21 |             88 |
|  clk_IBUF_BUFG | cpu/mem_wb_reg_write              |                                   |               12 |             96 |
|  clk_IBUF_BUFG |                                   | cpu/alu_unit/SR[0]                |               51 |            183 |
|  clk_IBUF_BUFG |                                   | cpu/pc_unit/reset                 |               73 |            199 |
+----------------+-----------------------------------+-----------------------------------+------------------+----------------+


